KO cm.push {ra}, -16; cm.push {x1}, -16
KO cm.push {ra}, -32; cm.push {x1}, -32
KO cm.push {ra}, -48; cm.push {x1}, -48
KO cm.push {ra}, -64; cm.push {x1}, -64
KO cm.push {ra}, -80; cm.push {x1}, -16
KO cm.push {ra}, -96; cm.push {x1}, -32
KO cm.push {ra}, -112; cm.push {x1}, -48
KO cm.push {ra}, -128; cm.push {x1}, -64
KO cm.push {ra}, -144; cm.push {x1}, -16
KO cm.push {ra}, -160; cm.push {x1}, -32
KO cm.push {x1}, -80; cm.push {x1}, -16
KO cm.push {x1}, -96; cm.push {x1}, -32
KO cm.push {x1}, -112; cm.push {x1}, -48
KO cm.push {x1}, -128; cm.push {x1}, -64
KO cm.push {x1}, -144; cm.push {x1}, -16
KO cm.push {x1}, -160; cm.push {x1}, -32
KO cm.push {ra,s0}, -16; cm.push {x1,x8}, -16
KO cm.push {ra,s0}, -32; cm.push {x1,x8}, -32
KO cm.push {ra,s0}, -48; cm.push {x1,x8}, -48
KO cm.push {ra,s0}, -64; cm.push {x1,x8}, -64
KO cm.push {ra,s0}, -80; cm.push {x1,x8}, -16
KO cm.push {ra,s0}, -96; cm.push {x1,x8}, -32
KO cm.push {ra,s0}, -112; cm.push {x1,x8}, -48
KO cm.push {ra,s0}, -128; cm.push {x1,x8}, -64
KO cm.push {ra,s0}, -144; cm.push {x1,x8}, -16
KO cm.push {ra,s0}, -160; cm.push {x1,x8}, -32
KO cm.push {x1,x8}, -80; cm.push {x1,x8}, -16
KO cm.push {x1,x8}, -96; cm.push {x1,x8}, -32
KO cm.push {x1,x8}, -112; cm.push {x1,x8}, -48
KO cm.push {x1,x8}, -128; cm.push {x1,x8}, -64
KO cm.push {x1,x8}, -144; cm.push {x1,x8}, -16
KO cm.push {x1,x8}, -160; cm.push {x1,x8}, -32
KO cm.push {ra,s0-s1}, -16; cm.push {x1,x8-x9}, -80
KO cm.push {ra,s0-s1}, -32; cm.push {x1,x8-x9}, -32
KO cm.push {ra,s0-s1}, -48; cm.push {x1,x8-x9}, -48
KO cm.push {ra,s0-s1}, -64; cm.push {x1,x8-x9}, -64
KO cm.push {ra,s0-s1}, -80; cm.push {x1,x8-x9}, -80
KO cm.push {ra,s0-s1}, -96; cm.push {x1,x8-x9}, -32
KO cm.push {ra,s0-s1}, -112; cm.push {x1,x8-x9}, -48
KO cm.push {ra,s0-s1}, -128; cm.push {x1,x8-x9}, -64
KO cm.push {ra,s0-s1}, -144; cm.push {x1,x8-x9}, -80
KO cm.push {ra,s0-s1}, -160; cm.push {x1,x8-x9}, -32
KO cm.push {x1,x8-x9}, -16; cm.push {x1,x8-x9}, -80
KO cm.push {x1,x8-x9}, -96; cm.push {x1,x8-x9}, -32
KO cm.push {x1,x8-x9}, -112; cm.push {x1,x8-x9}, -48
KO cm.push {x1,x8-x9}, -128; cm.push {x1,x8-x9}, -64
KO cm.push {x1,x8-x9}, -144; cm.push {x1,x8-x9}, -80
KO cm.push {x1,x8-x9}, -160; cm.push {x1,x8-x9}, -32
KO cm.push {ra,s0-s2}, -16; cm.push {x1,x8-x9,x18}, -80
KO cm.push {ra,s0-s2}, -32; cm.push {x1,x8-x9,x18}, -32
KO cm.push {ra,s0-s2}, -48; cm.push {x1,x8-x9,x18}, -48
KO cm.push {ra,s0-s2}, -64; cm.push {x1,x8-x9,x18}, -64
KO cm.push {ra,s0-s2}, -80; cm.push {x1,x8-x9,x18}, -80
KO cm.push {ra,s0-s2}, -96; cm.push {x1,x8-x9,x18}, -32
KO cm.push {ra,s0-s2}, -112; cm.push {x1,x8-x9,x18}, -48
KO cm.push {ra,s0-s2}, -128; cm.push {x1,x8-x9,x18}, -64
KO cm.push {ra,s0-s2}, -144; cm.push {x1,x8-x9,x18}, -80
KO cm.push {ra,s0-s2}, -160; cm.push {x1,x8-x9,x18}, -32
KO cm.push {x1,x8-x9,x18}, -16; cm.push {x1,x8-x9,x18}, -80
KO cm.push {x1,x8-x9,x18}, -96; cm.push {x1,x8-x9,x18}, -32
KO cm.push {x1,x8-x9,x18}, -112; cm.push {x1,x8-x9,x18}, -48
KO cm.push {x1,x8-x9,x18}, -128; cm.push {x1,x8-x9,x18}, -64
KO cm.push {x1,x8-x9,x18}, -144; cm.push {x1,x8-x9,x18}, -80
KO cm.push {x1,x8-x9,x18}, -160; cm.push {x1,x8-x9,x18}, -32
KO cm.push {ra,s0-s3}, -16; cm.push {x1,x8-x9,x18-x19}, -80
KO cm.push {ra,s0-s3}, -32; cm.push {x1,x8-x9,x18-x19}, -96
KO cm.push {ra,s0-s3}, -48; cm.push {x1,x8-x9,x18-x19}, -48
KO cm.push {ra,s0-s3}, -64; cm.push {x1,x8-x9,x18-x19}, -64
KO cm.push {ra,s0-s3}, -80; cm.push {x1,x8-x9,x18-x19}, -80
KO cm.push {ra,s0-s3}, -96; cm.push {x1,x8-x9,x18-x19}, -96
KO cm.push {ra,s0-s3}, -112; cm.push {x1,x8-x9,x18-x19}, -48
KO cm.push {ra,s0-s3}, -128; cm.push {x1,x8-x9,x18-x19}, -64
KO cm.push {ra,s0-s3}, -144; cm.push {x1,x8-x9,x18-x19}, -80
KO cm.push {ra,s0-s3}, -160; cm.push {x1,x8-x9,x18-x19}, -96
KO cm.push {x1,x8-x9,x18-x19}, -16; cm.push {x1,x8-x9,x18-x19}, -80
KO cm.push {x1,x8-x9,x18-x19}, -32; cm.push {x1,x8-x9,x18-x19}, -96
KO cm.push {x1,x8-x9,x18-x19}, -112; cm.push {x1,x8-x9,x18-x19}, -48
KO cm.push {x1,x8-x9,x18-x19}, -128; cm.push {x1,x8-x9,x18-x19}, -64
KO cm.push {x1,x8-x9,x18-x19}, -144; cm.push {x1,x8-x9,x18-x19}, -80
KO cm.push {x1,x8-x9,x18-x19}, -160; cm.push {x1,x8-x9,x18-x19}, -96
KO cm.push {ra,s0-s4}, -16; cm.push {x1,x8-x9,x18-x20}, -80
KO cm.push {ra,s0-s4}, -32; cm.push {x1,x8-x9,x18-x20}, -96
KO cm.push {ra,s0-s4}, -48; cm.push {x1,x8-x9,x18-x20}, -48
KO cm.push {ra,s0-s4}, -64; cm.push {x1,x8-x9,x18-x20}, -64
KO cm.push {ra,s0-s4}, -80; cm.push {x1,x8-x9,x18-x20}, -80
KO cm.push {ra,s0-s4}, -96; cm.push {x1,x8-x9,x18-x20}, -96
KO cm.push {ra,s0-s4}, -112; cm.push {x1,x8-x9,x18-x20}, -48
KO cm.push {ra,s0-s4}, -128; cm.push {x1,x8-x9,x18-x20}, -64
KO cm.push {ra,s0-s4}, -144; cm.push {x1,x8-x9,x18-x20}, -80
KO cm.push {ra,s0-s4}, -160; cm.push {x1,x8-x9,x18-x20}, -96
KO cm.push {x1,x8-x9,x18-x20}, -16; cm.push {x1,x8-x9,x18-x20}, -80
KO cm.push {x1,x8-x9,x18-x20}, -32; cm.push {x1,x8-x9,x18-x20}, -96
KO cm.push {x1,x8-x9,x18-x20}, -112; cm.push {x1,x8-x9,x18-x20}, -48
KO cm.push {x1,x8-x9,x18-x20}, -128; cm.push {x1,x8-x9,x18-x20}, -64
KO cm.push {x1,x8-x9,x18-x20}, -144; cm.push {x1,x8-x9,x18-x20}, -80
KO cm.push {x1,x8-x9,x18-x20}, -160; cm.push {x1,x8-x9,x18-x20}, -96
KO cm.push {ra,s0-s5}, -16; cm.push {x1,x8-x9,x18-x21}, -80
KO cm.push {ra,s0-s5}, -32; cm.push {x1,x8-x9,x18-x21}, -96
KO cm.push {ra,s0-s5}, -48; cm.push {x1,x8-x9,x18-x21}, -112
KO cm.push {ra,s0-s5}, -64; cm.push {x1,x8-x9,x18-x21}, -64
KO cm.push {ra,s0-s5}, -80; cm.push {x1,x8-x9,x18-x21}, -80
KO cm.push {ra,s0-s5}, -96; cm.push {x1,x8-x9,x18-x21}, -96
KO cm.push {ra,s0-s5}, -112; cm.push {x1,x8-x9,x18-x21}, -112
KO cm.push {ra,s0-s5}, -128; cm.push {x1,x8-x9,x18-x21}, -64
KO cm.push {ra,s0-s5}, -144; cm.push {x1,x8-x9,x18-x21}, -80
KO cm.push {ra,s0-s5}, -160; cm.push {x1,x8-x9,x18-x21}, -96
KO cm.push {x1,x8-x9,x18-x21}, -16; cm.push {x1,x8-x9,x18-x21}, -80
KO cm.push {x1,x8-x9,x18-x21}, -32; cm.push {x1,x8-x9,x18-x21}, -96
KO cm.push {x1,x8-x9,x18-x21}, -48; cm.push {x1,x8-x9,x18-x21}, -112
KO cm.push {x1,x8-x9,x18-x21}, -128; cm.push {x1,x8-x9,x18-x21}, -64
KO cm.push {x1,x8-x9,x18-x21}, -144; cm.push {x1,x8-x9,x18-x21}, -80
KO cm.push {x1,x8-x9,x18-x21}, -160; cm.push {x1,x8-x9,x18-x21}, -96
KO cm.push {ra,s0-s6}, -16; cm.push {x1,x8-x9,x18-x22}, -80
KO cm.push {ra,s0-s6}, -32; cm.push {x1,x8-x9,x18-x22}, -96
KO cm.push {ra,s0-s6}, -48; cm.push {x1,x8-x9,x18-x22}, -112
KO cm.push {ra,s0-s6}, -64; cm.push {x1,x8-x9,x18-x22}, -64
KO cm.push {ra,s0-s6}, -80; cm.push {x1,x8-x9,x18-x22}, -80
KO cm.push {ra,s0-s6}, -96; cm.push {x1,x8-x9,x18-x22}, -96
KO cm.push {ra,s0-s6}, -112; cm.push {x1,x8-x9,x18-x22}, -112
KO cm.push {ra,s0-s6}, -128; cm.push {x1,x8-x9,x18-x22}, -64
KO cm.push {ra,s0-s6}, -144; cm.push {x1,x8-x9,x18-x22}, -80
KO cm.push {ra,s0-s6}, -160; cm.push {x1,x8-x9,x18-x22}, -96
KO cm.push {x1,x8-x9,x18-x22}, -16; cm.push {x1,x8-x9,x18-x22}, -80
KO cm.push {x1,x8-x9,x18-x22}, -32; cm.push {x1,x8-x9,x18-x22}, -96
KO cm.push {x1,x8-x9,x18-x22}, -48; cm.push {x1,x8-x9,x18-x22}, -112
KO cm.push {x1,x8-x9,x18-x22}, -128; cm.push {x1,x8-x9,x18-x22}, -64
KO cm.push {x1,x8-x9,x18-x22}, -144; cm.push {x1,x8-x9,x18-x22}, -80
KO cm.push {x1,x8-x9,x18-x22}, -160; cm.push {x1,x8-x9,x18-x22}, -96
KO cm.push {ra,s0-s7}, -16; cm.push {x1,x8-x9,x18-x23}, -80
KO cm.push {ra,s0-s7}, -32; cm.push {x1,x8-x9,x18-x23}, -96
KO cm.push {ra,s0-s7}, -48; cm.push {x1,x8-x9,x18-x23}, -112
KO cm.push {ra,s0-s7}, -64; cm.push {x1,x8-x9,x18-x23}, -128
KO cm.push {ra,s0-s7}, -80; cm.push {x1,x8-x9,x18-x23}, -80
KO cm.push {ra,s0-s7}, -96; cm.push {x1,x8-x9,x18-x23}, -96
KO cm.push {ra,s0-s7}, -112; cm.push {x1,x8-x9,x18-x23}, -112
KO cm.push {ra,s0-s7}, -128; cm.push {x1,x8-x9,x18-x23}, -128
KO cm.push {ra,s0-s7}, -144; cm.push {x1,x8-x9,x18-x23}, -80
KO cm.push {ra,s0-s7}, -160; cm.push {x1,x8-x9,x18-x23}, -96
KO cm.push {x1,x8-x9,x18-x23}, -16; cm.push {x1,x8-x9,x18-x23}, -80
KO cm.push {x1,x8-x9,x18-x23}, -32; cm.push {x1,x8-x9,x18-x23}, -96
KO cm.push {x1,x8-x9,x18-x23}, -48; cm.push {x1,x8-x9,x18-x23}, -112
KO cm.push {x1,x8-x9,x18-x23}, -64; cm.push {x1,x8-x9,x18-x23}, -128
KO cm.push {x1,x8-x9,x18-x23}, -144; cm.push {x1,x8-x9,x18-x23}, -80
KO cm.push {x1,x8-x9,x18-x23}, -160; cm.push {x1,x8-x9,x18-x23}, -96
KO cm.push {ra,s0-s8}, -16; cm.push {x1,x8-x9,x18-x24}, -80
KO cm.push {ra,s0-s8}, -32; cm.push {x1,x8-x9,x18-x24}, -96
KO cm.push {ra,s0-s8}, -48; cm.push {x1,x8-x9,x18-x24}, -112
KO cm.push {ra,s0-s8}, -64; cm.push {x1,x8-x9,x18-x24}, -128
KO cm.push {ra,s0-s8}, -80; cm.push {x1,x8-x9,x18-x24}, -80
KO cm.push {ra,s0-s8}, -96; cm.push {x1,x8-x9,x18-x24}, -96
KO cm.push {ra,s0-s8}, -112; cm.push {x1,x8-x9,x18-x24}, -112
KO cm.push {ra,s0-s8}, -128; cm.push {x1,x8-x9,x18-x24}, -128
KO cm.push {ra,s0-s8}, -144; cm.push {x1,x8-x9,x18-x24}, -80
KO cm.push {ra,s0-s8}, -160; cm.push {x1,x8-x9,x18-x24}, -96
KO cm.push {x1,x8-x9,x18-x24}, -16; cm.push {x1,x8-x9,x18-x24}, -80
KO cm.push {x1,x8-x9,x18-x24}, -32; cm.push {x1,x8-x9,x18-x24}, -96
KO cm.push {x1,x8-x9,x18-x24}, -48; cm.push {x1,x8-x9,x18-x24}, -112
KO cm.push {x1,x8-x9,x18-x24}, -64; cm.push {x1,x8-x9,x18-x24}, -128
KO cm.push {x1,x8-x9,x18-x24}, -144; cm.push {x1,x8-x9,x18-x24}, -80
KO cm.push {x1,x8-x9,x18-x24}, -160; cm.push {x1,x8-x9,x18-x24}, -96
KO cm.push {ra,s0-s9}, -16; cm.push {x1,x8-x9,x18-x25}, -144
KO cm.push {ra,s0-s9}, -32; cm.push {x1,x8-x9,x18-x25}, -96
KO cm.push {ra,s0-s9}, -48; cm.push {x1,x8-x9,x18-x25}, -112
KO cm.push {ra,s0-s9}, -64; cm.push {x1,x8-x9,x18-x25}, -128
KO cm.push {ra,s0-s9}, -80; cm.push {x1,x8-x9,x18-x25}, -144
KO cm.push {ra,s0-s9}, -96; cm.push {x1,x8-x9,x18-x25}, -96
KO cm.push {ra,s0-s9}, -112; cm.push {x1,x8-x9,x18-x25}, -112
KO cm.push {ra,s0-s9}, -128; cm.push {x1,x8-x9,x18-x25}, -128
KO cm.push {ra,s0-s9}, -144; cm.push {x1,x8-x9,x18-x25}, -144
KO cm.push {ra,s0-s9}, -160; cm.push {x1,x8-x9,x18-x25}, -96
KO cm.push {x1,x8-x9,x18-x25}, -16; cm.push {x1,x8-x9,x18-x25}, -144
KO cm.push {x1,x8-x9,x18-x25}, -32; cm.push {x1,x8-x9,x18-x25}, -96
KO cm.push {x1,x8-x9,x18-x25}, -48; cm.push {x1,x8-x9,x18-x25}, -112
KO cm.push {x1,x8-x9,x18-x25}, -64; cm.push {x1,x8-x9,x18-x25}, -128
KO cm.push {x1,x8-x9,x18-x25}, -80; cm.push {x1,x8-x9,x18-x25}, -144
KO cm.push {x1,x8-x9,x18-x25}, -160; cm.push {x1,x8-x9,x18-x25}, -96
KO cm.push {ra,s0-s11}, -16; cm.push {x1,x8-x9,x18-x27}, -144
KO cm.push {ra,s0-s11}, -32; cm.push {x1,x8-x9,x18-x27}, -160
KO cm.push {ra,s0-s11}, -48; cm.push {x1,x8-x9,x18-x27}, -112
KO cm.push {ra,s0-s11}, -64; cm.push {x1,x8-x9,x18-x27}, -128
KO cm.push {ra,s0-s11}, -80; cm.push {x1,x8-x9,x18-x27}, -144
KO cm.push {ra,s0-s11}, -96; cm.push {x1,x8-x9,x18-x27}, -160
KO cm.push {ra,s0-s11}, -112; cm.push {x1,x8-x9,x18-x27}, -112
KO cm.push {ra,s0-s11}, -128; cm.push {x1,x8-x9,x18-x27}, -128
KO cm.push {ra,s0-s11}, -144; cm.push {x1,x8-x9,x18-x27}, -144
KO cm.push {ra,s0-s11}, -160; cm.push {x1,x8-x9,x18-x27}, -160
KO cm.push {x1,x8-x9,x18-x27}, -16; cm.push {x1,x8-x9,x18-x27}, -144
KO cm.push {x1,x8-x9,x18-x27}, -32; cm.push {x1,x8-x9,x18-x27}, -160
KO cm.push {x1,x8-x9,x18-x27}, -48; cm.push {x1,x8-x9,x18-x27}, -112
KO cm.push {x1,x8-x9,x18-x27}, -64; cm.push {x1,x8-x9,x18-x27}, -128
KO cm.push {x1,x8-x9,x18-x27}, -80; cm.push {x1,x8-x9,x18-x27}, -144
KO cm.push {x1,x8-x9,x18-x27}, -96; cm.push {x1,x8-x9,x18-x27}, -160
KO vle8.v v0, (x0), v0; vle8.v v0, (x0), v0.t
KO vle8.v v0, (x31), v0; vle8.v v0, (x31), v0.t
KO vle8.v v31, (x0), v0; vle8.v v31, (x0), v0.t
KO vle8.v v31, (x31), v0; vle8.v v31, (x31), v0.t
