KO add x0, x0, x2; ntl.p1
KO add x0, x0, x3; ntl.pall
KO add x0, x0, x4; ntl.s1
KO add x0, x0, x5; ntl.all
KO c.nop; c.addi x0, 0
KO cm.push {ra}, -16; cm.push {x1}, -16
KO cm.push {ra}, -32; cm.push {x1}, -32
KO cm.push {ra}, -48; cm.push {x1}, -48
KO cm.push {ra}, -64; cm.push {x1}, -64
KO cm.push {ra}, -80; cm.push {x1}, -16
KO cm.push {ra}, -96; cm.push {x1}, -32
KO cm.push {ra}, -112; cm.push {x1}, -48
KO cm.push {ra}, -128; cm.push {x1}, -64
KO cm.push {ra}, -144; cm.push {x1}, -16
KO cm.push {ra}, -160; cm.push {x1}, -32
KO cm.push {x1}, -80; cm.push {x1}, -16
KO cm.push {x1}, -96; cm.push {x1}, -32
KO cm.push {x1}, -112; cm.push {x1}, -48
KO cm.push {x1}, -128; cm.push {x1}, -64
KO cm.push {x1}, -144; cm.push {x1}, -16
KO cm.push {x1}, -160; cm.push {x1}, -32
KO cm.push {ra,s0}, -16; cm.push {x1,x8}, -16
KO cm.push {ra,s0}, -32; cm.push {x1,x8}, -32
KO cm.push {ra,s0}, -48; cm.push {x1,x8}, -48
KO cm.push {ra,s0}, -64; cm.push {x1,x8}, -64
KO cm.push {ra,s0}, -80; cm.push {x1,x8}, -16
KO cm.push {ra,s0}, -96; cm.push {x1,x8}, -32
KO cm.push {ra,s0}, -112; cm.push {x1,x8}, -48
KO cm.push {ra,s0}, -128; cm.push {x1,x8}, -64
KO cm.push {ra,s0}, -144; cm.push {x1,x8}, -16
KO cm.push {ra,s0}, -160; cm.push {x1,x8}, -32
KO cm.push {x1,x8}, -80; cm.push {x1,x8}, -16
KO cm.push {x1,x8}, -96; cm.push {x1,x8}, -32
KO cm.push {x1,x8}, -112; cm.push {x1,x8}, -48
KO cm.push {x1,x8}, -128; cm.push {x1,x8}, -64
KO cm.push {x1,x8}, -144; cm.push {x1,x8}, -16
KO cm.push {x1,x8}, -160; cm.push {x1,x8}, -32
KO cm.push {ra,s0-s1}, -16; cm.push {x1,x8-x9}, -80
KO cm.push {ra,s0-s1}, -32; cm.push {x1,x8-x9}, -32
KO cm.push {ra,s0-s1}, -48; cm.push {x1,x8-x9}, -48
KO cm.push {ra,s0-s1}, -64; cm.push {x1,x8-x9}, -64
KO cm.push {ra,s0-s1}, -80; cm.push {x1,x8-x9}, -80
KO cm.push {ra,s0-s1}, -96; cm.push {x1,x8-x9}, -32
KO cm.push {ra,s0-s1}, -112; cm.push {x1,x8-x9}, -48
KO cm.push {ra,s0-s1}, -128; cm.push {x1,x8-x9}, -64
KO cm.push {ra,s0-s1}, -144; cm.push {x1,x8-x9}, -80
KO cm.push {ra,s0-s1}, -160; cm.push {x1,x8-x9}, -32
KO cm.push {x1,x8-x9}, -16; cm.push {x1,x8-x9}, -80
KO cm.push {x1,x8-x9}, -96; cm.push {x1,x8-x9}, -32
KO cm.push {x1,x8-x9}, -112; cm.push {x1,x8-x9}, -48
KO cm.push {x1,x8-x9}, -128; cm.push {x1,x8-x9}, -64
KO cm.push {x1,x8-x9}, -144; cm.push {x1,x8-x9}, -80
KO cm.push {x1,x8-x9}, -160; cm.push {x1,x8-x9}, -32
KO cm.push {ra,s0-s2}, -16; cm.push {x1,x8-x9,x18}, -80
KO cm.push {ra,s0-s2}, -32; cm.push {x1,x8-x9,x18}, -32
KO cm.push {ra,s0-s2}, -48; cm.push {x1,x8-x9,x18}, -48
KO cm.push {ra,s0-s2}, -64; cm.push {x1,x8-x9,x18}, -64
KO cm.push {ra,s0-s2}, -80; cm.push {x1,x8-x9,x18}, -80
KO cm.push {ra,s0-s2}, -96; cm.push {x1,x8-x9,x18}, -32
KO cm.push {ra,s0-s2}, -112; cm.push {x1,x8-x9,x18}, -48
KO cm.push {ra,s0-s2}, -128; cm.push {x1,x8-x9,x18}, -64
KO cm.push {ra,s0-s2}, -144; cm.push {x1,x8-x9,x18}, -80
KO cm.push {ra,s0-s2}, -160; cm.push {x1,x8-x9,x18}, -32
KO cm.push {x1,x8-x9,x18}, -16; cm.push {x1,x8-x9,x18}, -80
KO cm.push {x1,x8-x9,x18}, -96; cm.push {x1,x8-x9,x18}, -32
KO cm.push {x1,x8-x9,x18}, -112; cm.push {x1,x8-x9,x18}, -48
KO cm.push {x1,x8-x9,x18}, -128; cm.push {x1,x8-x9,x18}, -64
KO cm.push {x1,x8-x9,x18}, -144; cm.push {x1,x8-x9,x18}, -80
KO cm.push {x1,x8-x9,x18}, -160; cm.push {x1,x8-x9,x18}, -32
KO cm.push {ra,s0-s3}, -16; cm.push {x1,x8-x9,x18-x19}, -80
KO cm.push {ra,s0-s3}, -32; cm.push {x1,x8-x9,x18-x19}, -96
KO cm.push {ra,s0-s3}, -48; cm.push {x1,x8-x9,x18-x19}, -48
KO cm.push {ra,s0-s3}, -64; cm.push {x1,x8-x9,x18-x19}, -64
KO cm.push {ra,s0-s3}, -80; cm.push {x1,x8-x9,x18-x19}, -80
KO cm.push {ra,s0-s3}, -96; cm.push {x1,x8-x9,x18-x19}, -96
KO cm.push {ra,s0-s3}, -112; cm.push {x1,x8-x9,x18-x19}, -48
KO cm.push {ra,s0-s3}, -128; cm.push {x1,x8-x9,x18-x19}, -64
KO cm.push {ra,s0-s3}, -144; cm.push {x1,x8-x9,x18-x19}, -80
KO cm.push {ra,s0-s3}, -160; cm.push {x1,x8-x9,x18-x19}, -96
KO cm.push {x1,x8-x9,x18-x19}, -16; cm.push {x1,x8-x9,x18-x19}, -80
KO cm.push {x1,x8-x9,x18-x19}, -32; cm.push {x1,x8-x9,x18-x19}, -96
KO cm.push {x1,x8-x9,x18-x19}, -112; cm.push {x1,x8-x9,x18-x19}, -48
KO cm.push {x1,x8-x9,x18-x19}, -128; cm.push {x1,x8-x9,x18-x19}, -64
KO cm.push {x1,x8-x9,x18-x19}, -144; cm.push {x1,x8-x9,x18-x19}, -80
KO cm.push {x1,x8-x9,x18-x19}, -160; cm.push {x1,x8-x9,x18-x19}, -96
KO cm.push {ra,s0-s4}, -16; cm.push {x1,x8-x9,x18-x20}, -80
KO cm.push {ra,s0-s4}, -32; cm.push {x1,x8-x9,x18-x20}, -96
KO cm.push {ra,s0-s4}, -48; cm.push {x1,x8-x9,x18-x20}, -48
KO cm.push {ra,s0-s4}, -64; cm.push {x1,x8-x9,x18-x20}, -64
KO cm.push {ra,s0-s4}, -80; cm.push {x1,x8-x9,x18-x20}, -80
KO cm.push {ra,s0-s4}, -96; cm.push {x1,x8-x9,x18-x20}, -96
KO cm.push {ra,s0-s4}, -112; cm.push {x1,x8-x9,x18-x20}, -48
KO cm.push {ra,s0-s4}, -128; cm.push {x1,x8-x9,x18-x20}, -64
KO cm.push {ra,s0-s4}, -144; cm.push {x1,x8-x9,x18-x20}, -80
KO cm.push {ra,s0-s4}, -160; cm.push {x1,x8-x9,x18-x20}, -96
KO cm.push {x1,x8-x9,x18-x20}, -16; cm.push {x1,x8-x9,x18-x20}, -80
KO cm.push {x1,x8-x9,x18-x20}, -32; cm.push {x1,x8-x9,x18-x20}, -96
KO cm.push {x1,x8-x9,x18-x20}, -112; cm.push {x1,x8-x9,x18-x20}, -48
KO cm.push {x1,x8-x9,x18-x20}, -128; cm.push {x1,x8-x9,x18-x20}, -64
KO cm.push {x1,x8-x9,x18-x20}, -144; cm.push {x1,x8-x9,x18-x20}, -80
KO cm.push {x1,x8-x9,x18-x20}, -160; cm.push {x1,x8-x9,x18-x20}, -96
KO cm.push {ra,s0-s5}, -16; cm.push {x1,x8-x9,x18-x21}, -80
KO cm.push {ra,s0-s5}, -32; cm.push {x1,x8-x9,x18-x21}, -96
KO cm.push {ra,s0-s5}, -48; cm.push {x1,x8-x9,x18-x21}, -112
KO cm.push {ra,s0-s5}, -64; cm.push {x1,x8-x9,x18-x21}, -64
KO cm.push {ra,s0-s5}, -80; cm.push {x1,x8-x9,x18-x21}, -80
KO cm.push {ra,s0-s5}, -96; cm.push {x1,x8-x9,x18-x21}, -96
KO cm.push {ra,s0-s5}, -112; cm.push {x1,x8-x9,x18-x21}, -112
KO cm.push {ra,s0-s5}, -128; cm.push {x1,x8-x9,x18-x21}, -64
KO cm.push {ra,s0-s5}, -144; cm.push {x1,x8-x9,x18-x21}, -80
KO cm.push {ra,s0-s5}, -160; cm.push {x1,x8-x9,x18-x21}, -96
KO cm.push {x1,x8-x9,x18-x21}, -16; cm.push {x1,x8-x9,x18-x21}, -80
KO cm.push {x1,x8-x9,x18-x21}, -32; cm.push {x1,x8-x9,x18-x21}, -96
KO cm.push {x1,x8-x9,x18-x21}, -48; cm.push {x1,x8-x9,x18-x21}, -112
KO cm.push {x1,x8-x9,x18-x21}, -128; cm.push {x1,x8-x9,x18-x21}, -64
KO cm.push {x1,x8-x9,x18-x21}, -144; cm.push {x1,x8-x9,x18-x21}, -80
KO cm.push {x1,x8-x9,x18-x21}, -160; cm.push {x1,x8-x9,x18-x21}, -96
KO cm.push {ra,s0-s6}, -16; cm.push {x1,x8-x9,x18-x22}, -80
KO cm.push {ra,s0-s6}, -32; cm.push {x1,x8-x9,x18-x22}, -96
KO cm.push {ra,s0-s6}, -48; cm.push {x1,x8-x9,x18-x22}, -112
KO cm.push {ra,s0-s6}, -64; cm.push {x1,x8-x9,x18-x22}, -64
KO cm.push {ra,s0-s6}, -80; cm.push {x1,x8-x9,x18-x22}, -80
KO cm.push {ra,s0-s6}, -96; cm.push {x1,x8-x9,x18-x22}, -96
KO cm.push {ra,s0-s6}, -112; cm.push {x1,x8-x9,x18-x22}, -112
KO cm.push {ra,s0-s6}, -128; cm.push {x1,x8-x9,x18-x22}, -64
KO cm.push {ra,s0-s6}, -144; cm.push {x1,x8-x9,x18-x22}, -80
KO cm.push {ra,s0-s6}, -160; cm.push {x1,x8-x9,x18-x22}, -96
KO cm.push {x1,x8-x9,x18-x22}, -16; cm.push {x1,x8-x9,x18-x22}, -80
KO cm.push {x1,x8-x9,x18-x22}, -32; cm.push {x1,x8-x9,x18-x22}, -96
KO cm.push {x1,x8-x9,x18-x22}, -48; cm.push {x1,x8-x9,x18-x22}, -112
KO cm.push {x1,x8-x9,x18-x22}, -128; cm.push {x1,x8-x9,x18-x22}, -64
KO cm.push {x1,x8-x9,x18-x22}, -144; cm.push {x1,x8-x9,x18-x22}, -80
KO cm.push {x1,x8-x9,x18-x22}, -160; cm.push {x1,x8-x9,x18-x22}, -96
KO cm.push {ra,s0-s7}, -16; cm.push {x1,x8-x9,x18-x23}, -80
KO cm.push {ra,s0-s7}, -32; cm.push {x1,x8-x9,x18-x23}, -96
KO cm.push {ra,s0-s7}, -48; cm.push {x1,x8-x9,x18-x23}, -112
KO cm.push {ra,s0-s7}, -64; cm.push {x1,x8-x9,x18-x23}, -128
KO cm.push {ra,s0-s7}, -80; cm.push {x1,x8-x9,x18-x23}, -80
KO cm.push {ra,s0-s7}, -96; cm.push {x1,x8-x9,x18-x23}, -96
KO cm.push {ra,s0-s7}, -112; cm.push {x1,x8-x9,x18-x23}, -112
KO cm.push {ra,s0-s7}, -128; cm.push {x1,x8-x9,x18-x23}, -128
KO cm.push {ra,s0-s7}, -144; cm.push {x1,x8-x9,x18-x23}, -80
KO cm.push {ra,s0-s7}, -160; cm.push {x1,x8-x9,x18-x23}, -96
KO cm.push {x1,x8-x9,x18-x23}, -16; cm.push {x1,x8-x9,x18-x23}, -80
KO cm.push {x1,x8-x9,x18-x23}, -32; cm.push {x1,x8-x9,x18-x23}, -96
KO cm.push {x1,x8-x9,x18-x23}, -48; cm.push {x1,x8-x9,x18-x23}, -112
KO cm.push {x1,x8-x9,x18-x23}, -64; cm.push {x1,x8-x9,x18-x23}, -128
KO cm.push {x1,x8-x9,x18-x23}, -144; cm.push {x1,x8-x9,x18-x23}, -80
KO cm.push {x1,x8-x9,x18-x23}, -160; cm.push {x1,x8-x9,x18-x23}, -96
KO cm.push {ra,s0-s8}, -16; cm.push {x1,x8-x9,x18-x24}, -80
KO cm.push {ra,s0-s8}, -32; cm.push {x1,x8-x9,x18-x24}, -96
KO cm.push {ra,s0-s8}, -48; cm.push {x1,x8-x9,x18-x24}, -112
KO cm.push {ra,s0-s8}, -64; cm.push {x1,x8-x9,x18-x24}, -128
KO cm.push {ra,s0-s8}, -80; cm.push {x1,x8-x9,x18-x24}, -80
KO cm.push {ra,s0-s8}, -96; cm.push {x1,x8-x9,x18-x24}, -96
KO cm.push {ra,s0-s8}, -112; cm.push {x1,x8-x9,x18-x24}, -112
KO cm.push {ra,s0-s8}, -128; cm.push {x1,x8-x9,x18-x24}, -128
KO cm.push {ra,s0-s8}, -144; cm.push {x1,x8-x9,x18-x24}, -80
KO cm.push {ra,s0-s8}, -160; cm.push {x1,x8-x9,x18-x24}, -96
KO cm.push {x1,x8-x9,x18-x24}, -16; cm.push {x1,x8-x9,x18-x24}, -80
KO cm.push {x1,x8-x9,x18-x24}, -32; cm.push {x1,x8-x9,x18-x24}, -96
KO cm.push {x1,x8-x9,x18-x24}, -48; cm.push {x1,x8-x9,x18-x24}, -112
KO cm.push {x1,x8-x9,x18-x24}, -64; cm.push {x1,x8-x9,x18-x24}, -128
KO cm.push {x1,x8-x9,x18-x24}, -144; cm.push {x1,x8-x9,x18-x24}, -80
KO cm.push {x1,x8-x9,x18-x24}, -160; cm.push {x1,x8-x9,x18-x24}, -96
KO cm.push {ra,s0-s9}, -16; cm.push {x1,x8-x9,x18-x25}, -144
KO cm.push {ra,s0-s9}, -32; cm.push {x1,x8-x9,x18-x25}, -96
KO cm.push {ra,s0-s9}, -48; cm.push {x1,x8-x9,x18-x25}, -112
KO cm.push {ra,s0-s9}, -64; cm.push {x1,x8-x9,x18-x25}, -128
KO cm.push {ra,s0-s9}, -80; cm.push {x1,x8-x9,x18-x25}, -144
KO cm.push {ra,s0-s9}, -96; cm.push {x1,x8-x9,x18-x25}, -96
KO cm.push {ra,s0-s9}, -112; cm.push {x1,x8-x9,x18-x25}, -112
KO cm.push {ra,s0-s9}, -128; cm.push {x1,x8-x9,x18-x25}, -128
KO cm.push {ra,s0-s9}, -144; cm.push {x1,x8-x9,x18-x25}, -144
KO cm.push {ra,s0-s9}, -160; cm.push {x1,x8-x9,x18-x25}, -96
KO cm.push {x1,x8-x9,x18-x25}, -16; cm.push {x1,x8-x9,x18-x25}, -144
KO cm.push {x1,x8-x9,x18-x25}, -32; cm.push {x1,x8-x9,x18-x25}, -96
KO cm.push {x1,x8-x9,x18-x25}, -48; cm.push {x1,x8-x9,x18-x25}, -112
KO cm.push {x1,x8-x9,x18-x25}, -64; cm.push {x1,x8-x9,x18-x25}, -128
KO cm.push {x1,x8-x9,x18-x25}, -80; cm.push {x1,x8-x9,x18-x25}, -144
KO cm.push {x1,x8-x9,x18-x25}, -160; cm.push {x1,x8-x9,x18-x25}, -96
KO cm.push {ra,s0-s11}, -16; cm.push {x1,x8-x9,x18-x27}, -144
KO cm.push {ra,s0-s11}, -32; cm.push {x1,x8-x9,x18-x27}, -160
KO cm.push {ra,s0-s11}, -48; cm.push {x1,x8-x9,x18-x27}, -112
KO cm.push {ra,s0-s11}, -64; cm.push {x1,x8-x9,x18-x27}, -128
KO cm.push {ra,s0-s11}, -80; cm.push {x1,x8-x9,x18-x27}, -144
KO cm.push {ra,s0-s11}, -96; cm.push {x1,x8-x9,x18-x27}, -160
KO cm.push {ra,s0-s11}, -112; cm.push {x1,x8-x9,x18-x27}, -112
KO cm.push {ra,s0-s11}, -128; cm.push {x1,x8-x9,x18-x27}, -128
KO cm.push {ra,s0-s11}, -144; cm.push {x1,x8-x9,x18-x27}, -144
KO cm.push {ra,s0-s11}, -160; cm.push {x1,x8-x9,x18-x27}, -160
KO cm.push {x1,x8-x9,x18-x27}, -16; cm.push {x1,x8-x9,x18-x27}, -144
KO cm.push {x1,x8-x9,x18-x27}, -32; cm.push {x1,x8-x9,x18-x27}, -160
KO cm.push {x1,x8-x9,x18-x27}, -48; cm.push {x1,x8-x9,x18-x27}, -112
KO cm.push {x1,x8-x9,x18-x27}, -64; cm.push {x1,x8-x9,x18-x27}, -128
KO cm.push {x1,x8-x9,x18-x27}, -80; cm.push {x1,x8-x9,x18-x27}, -144
KO cm.push {x1,x8-x9,x18-x27}, -96; cm.push {x1,x8-x9,x18-x27}, -160
KO vle8.v v0, (x0), v0; ERROR
KO vle8.v v0, (x1), v0; ERROR
KO vle8.v v0, (x2), v0; ERROR
KO vle8.v v0, (x3), v0; ERROR
KO vle8.v v0, (x4), v0; ERROR
KO vle8.v v0, (x5), v0; ERROR
KO vle8.v v0, (x6), v0; ERROR
KO vle8.v v0, (x7), v0; ERROR
KO vle8.v v0, (x8), v0; ERROR
KO vle8.v v0, (x9), v0; ERROR
KO vle8.v v0, (x10), v0; ERROR
KO vle8.v v0, (x11), v0; ERROR
KO vle8.v v0, (x12), v0; ERROR
KO vle8.v v0, (x13), v0; ERROR
KO vle8.v v0, (x14), v0; ERROR
KO vle8.v v0, (x15), v0; ERROR
KO vle8.v v0, (x16), v0; ERROR
KO vle8.v v0, (x17), v0; ERROR
KO vle8.v v0, (x18), v0; ERROR
KO vle8.v v0, (x19), v0; ERROR
KO vle8.v v0, (x20), v0; ERROR
KO vle8.v v0, (x21), v0; ERROR
KO vle8.v v0, (x22), v0; ERROR
KO vle8.v v0, (x23), v0; ERROR
KO vle8.v v0, (x24), v0; ERROR
KO vle8.v v0, (x25), v0; ERROR
KO vle8.v v0, (x26), v0; ERROR
KO vle8.v v0, (x27), v0; ERROR
KO vle8.v v0, (x28), v0; ERROR
KO vle8.v v0, (x29), v0; ERROR
KO vle8.v v0, (x30), v0; ERROR
KO vle8.v v0, (x31), v0; ERROR
KO vle8.v v1, (x0), v0; ERROR
KO vle8.v v1, (x1), v0; ERROR
KO vle8.v v1, (x2), v0; ERROR
KO vle8.v v1, (x3), v0; ERROR
KO vle8.v v1, (x4), v0; ERROR
KO vle8.v v1, (x5), v0; ERROR
KO vle8.v v1, (x6), v0; ERROR
KO vle8.v v1, (x7), v0; ERROR
KO vle8.v v1, (x8), v0; ERROR
KO vle8.v v1, (x9), v0; ERROR
KO vle8.v v1, (x10), v0; ERROR
KO vle8.v v1, (x11), v0; ERROR
KO vle8.v v1, (x12), v0; ERROR
KO vle8.v v1, (x13), v0; ERROR
KO vle8.v v1, (x14), v0; ERROR
KO vle8.v v1, (x15), v0; ERROR
KO vle8.v v1, (x16), v0; ERROR
KO vle8.v v1, (x17), v0; ERROR
KO vle8.v v1, (x18), v0; ERROR
KO vle8.v v1, (x19), v0; ERROR
KO vle8.v v1, (x20), v0; ERROR
KO vle8.v v1, (x21), v0; ERROR
KO vle8.v v1, (x22), v0; ERROR
KO vle8.v v1, (x23), v0; ERROR
KO vle8.v v1, (x24), v0; ERROR
KO vle8.v v1, (x25), v0; ERROR
KO vle8.v v1, (x26), v0; ERROR
KO vle8.v v1, (x27), v0; ERROR
KO vle8.v v1, (x28), v0; ERROR
KO vle8.v v1, (x29), v0; ERROR
KO vle8.v v1, (x30), v0; ERROR
KO vle8.v v1, (x31), v0; ERROR
KO vle8.v v2, (x0), v0; ERROR
KO vle8.v v2, (x1), v0; ERROR
KO vle8.v v2, (x2), v0; ERROR
KO vle8.v v2, (x3), v0; ERROR
KO vle8.v v2, (x4), v0; ERROR
KO vle8.v v2, (x5), v0; ERROR
KO vle8.v v2, (x6), v0; ERROR
KO vle8.v v2, (x7), v0; ERROR
KO vle8.v v2, (x8), v0; ERROR
KO vle8.v v2, (x9), v0; ERROR
KO vle8.v v2, (x10), v0; ERROR
KO vle8.v v2, (x11), v0; ERROR
KO vle8.v v2, (x12), v0; ERROR
KO vle8.v v2, (x13), v0; ERROR
KO vle8.v v2, (x14), v0; ERROR
KO vle8.v v2, (x15), v0; ERROR
KO vle8.v v2, (x16), v0; ERROR
KO vle8.v v2, (x17), v0; ERROR
KO vle8.v v2, (x18), v0; ERROR
KO vle8.v v2, (x19), v0; ERROR
KO vle8.v v2, (x20), v0; ERROR
KO vle8.v v2, (x21), v0; ERROR
KO vle8.v v2, (x22), v0; ERROR
KO vle8.v v2, (x23), v0; ERROR
KO vle8.v v2, (x24), v0; ERROR
KO vle8.v v2, (x25), v0; ERROR
KO vle8.v v2, (x26), v0; ERROR
KO vle8.v v2, (x27), v0; ERROR
KO vle8.v v2, (x28), v0; ERROR
KO vle8.v v2, (x29), v0; ERROR
KO vle8.v v2, (x30), v0; ERROR
KO vle8.v v2, (x31), v0; ERROR
KO vle8.v v3, (x0), v0; ERROR
KO vle8.v v3, (x1), v0; ERROR
KO vle8.v v3, (x2), v0; ERROR
KO vle8.v v3, (x3), v0; ERROR
KO vle8.v v3, (x4), v0; ERROR
KO vle8.v v3, (x5), v0; ERROR
KO vle8.v v3, (x6), v0; ERROR
KO vle8.v v3, (x7), v0; ERROR
KO vle8.v v3, (x8), v0; ERROR
KO vle8.v v3, (x9), v0; ERROR
KO vle8.v v3, (x10), v0; ERROR
KO vle8.v v3, (x11), v0; ERROR
KO vle8.v v3, (x12), v0; ERROR
KO vle8.v v3, (x13), v0; ERROR
KO vle8.v v3, (x14), v0; ERROR
KO vle8.v v3, (x15), v0; ERROR
KO vle8.v v3, (x16), v0; ERROR
KO vle8.v v3, (x17), v0; ERROR
KO vle8.v v3, (x18), v0; ERROR
KO vle8.v v3, (x19), v0; ERROR
KO vle8.v v3, (x20), v0; ERROR
KO vle8.v v3, (x21), v0; ERROR
KO vle8.v v3, (x22), v0; ERROR
KO vle8.v v3, (x23), v0; ERROR
KO vle8.v v3, (x24), v0; ERROR
KO vle8.v v3, (x25), v0; ERROR
KO vle8.v v3, (x26), v0; ERROR
KO vle8.v v3, (x27), v0; ERROR
KO vle8.v v3, (x28), v0; ERROR
KO vle8.v v3, (x29), v0; ERROR
KO vle8.v v3, (x30), v0; ERROR
KO vle8.v v3, (x31), v0; ERROR
KO vle8.v v4, (x0), v0; ERROR
KO vle8.v v4, (x1), v0; ERROR
KO vle8.v v4, (x2), v0; ERROR
KO vle8.v v4, (x3), v0; ERROR
KO vle8.v v4, (x4), v0; ERROR
KO vle8.v v4, (x5), v0; ERROR
KO vle8.v v4, (x6), v0; ERROR
KO vle8.v v4, (x7), v0; ERROR
KO vle8.v v4, (x8), v0; ERROR
KO vle8.v v4, (x9), v0; ERROR
KO vle8.v v4, (x10), v0; ERROR
KO vle8.v v4, (x11), v0; ERROR
KO vle8.v v4, (x12), v0; ERROR
KO vle8.v v4, (x13), v0; ERROR
KO vle8.v v4, (x14), v0; ERROR
KO vle8.v v4, (x15), v0; ERROR
KO vle8.v v4, (x16), v0; ERROR
KO vle8.v v4, (x17), v0; ERROR
KO vle8.v v4, (x18), v0; ERROR
KO vle8.v v4, (x19), v0; ERROR
KO vle8.v v4, (x20), v0; ERROR
KO vle8.v v4, (x21), v0; ERROR
KO vle8.v v4, (x22), v0; ERROR
KO vle8.v v4, (x23), v0; ERROR
KO vle8.v v4, (x24), v0; ERROR
KO vle8.v v4, (x25), v0; ERROR
KO vle8.v v4, (x26), v0; ERROR
KO vle8.v v4, (x27), v0; ERROR
KO vle8.v v4, (x28), v0; ERROR
KO vle8.v v4, (x29), v0; ERROR
KO vle8.v v4, (x30), v0; ERROR
KO vle8.v v4, (x31), v0; ERROR
KO vle8.v v5, (x0), v0; ERROR
KO vle8.v v5, (x1), v0; ERROR
KO vle8.v v5, (x2), v0; ERROR
KO vle8.v v5, (x3), v0; ERROR
KO vle8.v v5, (x4), v0; ERROR
KO vle8.v v5, (x5), v0; ERROR
KO vle8.v v5, (x6), v0; ERROR
KO vle8.v v5, (x7), v0; ERROR
KO vle8.v v5, (x8), v0; ERROR
KO vle8.v v5, (x9), v0; ERROR
KO vle8.v v5, (x10), v0; ERROR
KO vle8.v v5, (x11), v0; ERROR
KO vle8.v v5, (x12), v0; ERROR
KO vle8.v v5, (x13), v0; ERROR
KO vle8.v v5, (x14), v0; ERROR
KO vle8.v v5, (x15), v0; ERROR
KO vle8.v v5, (x16), v0; ERROR
KO vle8.v v5, (x17), v0; ERROR
KO vle8.v v5, (x18), v0; ERROR
KO vle8.v v5, (x19), v0; ERROR
KO vle8.v v5, (x20), v0; ERROR
KO vle8.v v5, (x21), v0; ERROR
KO vle8.v v5, (x22), v0; ERROR
KO vle8.v v5, (x23), v0; ERROR
KO vle8.v v5, (x24), v0; ERROR
KO vle8.v v5, (x25), v0; ERROR
KO vle8.v v5, (x26), v0; ERROR
KO vle8.v v5, (x27), v0; ERROR
KO vle8.v v5, (x28), v0; ERROR
KO vle8.v v5, (x29), v0; ERROR
KO vle8.v v5, (x30), v0; ERROR
KO vle8.v v5, (x31), v0; ERROR
KO vle8.v v6, (x0), v0; ERROR
KO vle8.v v6, (x1), v0; ERROR
KO vle8.v v6, (x2), v0; ERROR
KO vle8.v v6, (x3), v0; ERROR
KO vle8.v v6, (x4), v0; ERROR
KO vle8.v v6, (x5), v0; ERROR
KO vle8.v v6, (x6), v0; ERROR
KO vle8.v v6, (x7), v0; ERROR
KO vle8.v v6, (x8), v0; ERROR
KO vle8.v v6, (x9), v0; ERROR
KO vle8.v v6, (x10), v0; ERROR
KO vle8.v v6, (x11), v0; ERROR
KO vle8.v v6, (x12), v0; ERROR
KO vle8.v v6, (x13), v0; ERROR
KO vle8.v v6, (x14), v0; ERROR
KO vle8.v v6, (x15), v0; ERROR
KO vle8.v v6, (x16), v0; ERROR
KO vle8.v v6, (x17), v0; ERROR
KO vle8.v v6, (x18), v0; ERROR
KO vle8.v v6, (x19), v0; ERROR
KO vle8.v v6, (x20), v0; ERROR
KO vle8.v v6, (x21), v0; ERROR
KO vle8.v v6, (x22), v0; ERROR
KO vle8.v v6, (x23), v0; ERROR
KO vle8.v v6, (x24), v0; ERROR
KO vle8.v v6, (x25), v0; ERROR
KO vle8.v v6, (x26), v0; ERROR
KO vle8.v v6, (x27), v0; ERROR
KO vle8.v v6, (x28), v0; ERROR
KO vle8.v v6, (x29), v0; ERROR
KO vle8.v v6, (x30), v0; ERROR
KO vle8.v v6, (x31), v0; ERROR
KO vle8.v v7, (x0), v0; ERROR
KO vle8.v v7, (x1), v0; ERROR
KO vle8.v v7, (x2), v0; ERROR
KO vle8.v v7, (x3), v0; ERROR
KO vle8.v v7, (x4), v0; ERROR
KO vle8.v v7, (x5), v0; ERROR
KO vle8.v v7, (x6), v0; ERROR
KO vle8.v v7, (x7), v0; ERROR
KO vle8.v v7, (x8), v0; ERROR
KO vle8.v v7, (x9), v0; ERROR
KO vle8.v v7, (x10), v0; ERROR
KO vle8.v v7, (x11), v0; ERROR
KO vle8.v v7, (x12), v0; ERROR
KO vle8.v v7, (x13), v0; ERROR
KO vle8.v v7, (x14), v0; ERROR
KO vle8.v v7, (x15), v0; ERROR
KO vle8.v v7, (x16), v0; ERROR
KO vle8.v v7, (x17), v0; ERROR
KO vle8.v v7, (x18), v0; ERROR
KO vle8.v v7, (x19), v0; ERROR
KO vle8.v v7, (x20), v0; ERROR
KO vle8.v v7, (x21), v0; ERROR
KO vle8.v v7, (x22), v0; ERROR
KO vle8.v v7, (x23), v0; ERROR
KO vle8.v v7, (x24), v0; ERROR
KO vle8.v v7, (x25), v0; ERROR
KO vle8.v v7, (x26), v0; ERROR
KO vle8.v v7, (x27), v0; ERROR
KO vle8.v v7, (x28), v0; ERROR
KO vle8.v v7, (x29), v0; ERROR
KO vle8.v v7, (x30), v0; ERROR
KO vle8.v v7, (x31), v0; ERROR
KO vle8.v v8, (x0), v0; ERROR
KO vle8.v v8, (x1), v0; ERROR
KO vle8.v v8, (x2), v0; ERROR
KO vle8.v v8, (x3), v0; ERROR
KO vle8.v v8, (x4), v0; ERROR
KO vle8.v v8, (x5), v0; ERROR
KO vle8.v v8, (x6), v0; ERROR
KO vle8.v v8, (x7), v0; ERROR
KO vle8.v v8, (x8), v0; ERROR
KO vle8.v v8, (x9), v0; ERROR
KO vle8.v v8, (x10), v0; ERROR
KO vle8.v v8, (x11), v0; ERROR
KO vle8.v v8, (x12), v0; ERROR
KO vle8.v v8, (x13), v0; ERROR
KO vle8.v v8, (x14), v0; ERROR
KO vle8.v v8, (x15), v0; ERROR
KO vle8.v v8, (x16), v0; ERROR
KO vle8.v v8, (x17), v0; ERROR
KO vle8.v v8, (x18), v0; ERROR
KO vle8.v v8, (x19), v0; ERROR
KO vle8.v v8, (x20), v0; ERROR
KO vle8.v v8, (x21), v0; ERROR
KO vle8.v v8, (x22), v0; ERROR
KO vle8.v v8, (x23), v0; ERROR
KO vle8.v v8, (x24), v0; ERROR
KO vle8.v v8, (x25), v0; ERROR
KO vle8.v v8, (x26), v0; ERROR
KO vle8.v v8, (x27), v0; ERROR
KO vle8.v v8, (x28), v0; ERROR
KO vle8.v v8, (x29), v0; ERROR
KO vle8.v v8, (x30), v0; ERROR
KO vle8.v v8, (x31), v0; ERROR
KO vle8.v v9, (x0), v0; ERROR
KO vle8.v v9, (x1), v0; ERROR
KO vle8.v v9, (x2), v0; ERROR
KO vle8.v v9, (x3), v0; ERROR
KO vle8.v v9, (x4), v0; ERROR
KO vle8.v v9, (x5), v0; ERROR
KO vle8.v v9, (x6), v0; ERROR
KO vle8.v v9, (x7), v0; ERROR
KO vle8.v v9, (x8), v0; ERROR
KO vle8.v v9, (x9), v0; ERROR
KO vle8.v v9, (x10), v0; ERROR
KO vle8.v v9, (x11), v0; ERROR
KO vle8.v v9, (x12), v0; ERROR
KO vle8.v v9, (x13), v0; ERROR
KO vle8.v v9, (x14), v0; ERROR
KO vle8.v v9, (x15), v0; ERROR
KO vle8.v v9, (x16), v0; ERROR
KO vle8.v v9, (x17), v0; ERROR
KO vle8.v v9, (x18), v0; ERROR
KO vle8.v v9, (x19), v0; ERROR
KO vle8.v v9, (x20), v0; ERROR
KO vle8.v v9, (x21), v0; ERROR
KO vle8.v v9, (x22), v0; ERROR
KO vle8.v v9, (x23), v0; ERROR
KO vle8.v v9, (x24), v0; ERROR
KO vle8.v v9, (x25), v0; ERROR
KO vle8.v v9, (x26), v0; ERROR
KO vle8.v v9, (x27), v0; ERROR
KO vle8.v v9, (x28), v0; ERROR
KO vle8.v v9, (x29), v0; ERROR
KO vle8.v v9, (x30), v0; ERROR
KO vle8.v v9, (x31), v0; ERROR
KO vle8.v v10, (x0), v0; ERROR
KO vle8.v v10, (x1), v0; ERROR
KO vle8.v v10, (x2), v0; ERROR
KO vle8.v v10, (x3), v0; ERROR
KO vle8.v v10, (x4), v0; ERROR
KO vle8.v v10, (x5), v0; ERROR
KO vle8.v v10, (x6), v0; ERROR
KO vle8.v v10, (x7), v0; ERROR
KO vle8.v v10, (x8), v0; ERROR
KO vle8.v v10, (x9), v0; ERROR
KO vle8.v v10, (x10), v0; ERROR
KO vle8.v v10, (x11), v0; ERROR
KO vle8.v v10, (x12), v0; ERROR
KO vle8.v v10, (x13), v0; ERROR
KO vle8.v v10, (x14), v0; ERROR
KO vle8.v v10, (x15), v0; ERROR
KO vle8.v v10, (x16), v0; ERROR
KO vle8.v v10, (x17), v0; ERROR
KO vle8.v v10, (x18), v0; ERROR
KO vle8.v v10, (x19), v0; ERROR
KO vle8.v v10, (x20), v0; ERROR
KO vle8.v v10, (x21), v0; ERROR
KO vle8.v v10, (x22), v0; ERROR
KO vle8.v v10, (x23), v0; ERROR
KO vle8.v v10, (x24), v0; ERROR
KO vle8.v v10, (x25), v0; ERROR
KO vle8.v v10, (x26), v0; ERROR
KO vle8.v v10, (x27), v0; ERROR
KO vle8.v v10, (x28), v0; ERROR
KO vle8.v v10, (x29), v0; ERROR
KO vle8.v v10, (x30), v0; ERROR
KO vle8.v v10, (x31), v0; ERROR
KO vle8.v v11, (x0), v0; ERROR
KO vle8.v v11, (x1), v0; ERROR
KO vle8.v v11, (x2), v0; ERROR
KO vle8.v v11, (x3), v0; ERROR
KO vle8.v v11, (x4), v0; ERROR
KO vle8.v v11, (x5), v0; ERROR
KO vle8.v v11, (x6), v0; ERROR
KO vle8.v v11, (x7), v0; ERROR
KO vle8.v v11, (x8), v0; ERROR
KO vle8.v v11, (x9), v0; ERROR
KO vle8.v v11, (x10), v0; ERROR
KO vle8.v v11, (x11), v0; ERROR
KO vle8.v v11, (x12), v0; ERROR
KO vle8.v v11, (x13), v0; ERROR
KO vle8.v v11, (x14), v0; ERROR
KO vle8.v v11, (x15), v0; ERROR
KO vle8.v v11, (x16), v0; ERROR
KO vle8.v v11, (x17), v0; ERROR
KO vle8.v v11, (x18), v0; ERROR
KO vle8.v v11, (x19), v0; ERROR
KO vle8.v v11, (x20), v0; ERROR
KO vle8.v v11, (x21), v0; ERROR
KO vle8.v v11, (x22), v0; ERROR
KO vle8.v v11, (x23), v0; ERROR
KO vle8.v v11, (x24), v0; ERROR
KO vle8.v v11, (x25), v0; ERROR
KO vle8.v v11, (x26), v0; ERROR
KO vle8.v v11, (x27), v0; ERROR
KO vle8.v v11, (x28), v0; ERROR
KO vle8.v v11, (x29), v0; ERROR
KO vle8.v v11, (x30), v0; ERROR
KO vle8.v v11, (x31), v0; ERROR
KO vle8.v v12, (x0), v0; ERROR
KO vle8.v v12, (x1), v0; ERROR
KO vle8.v v12, (x2), v0; ERROR
KO vle8.v v12, (x3), v0; ERROR
KO vle8.v v12, (x4), v0; ERROR
KO vle8.v v12, (x5), v0; ERROR
KO vle8.v v12, (x6), v0; ERROR
KO vle8.v v12, (x7), v0; ERROR
KO vle8.v v12, (x8), v0; ERROR
KO vle8.v v12, (x9), v0; ERROR
KO vle8.v v12, (x10), v0; ERROR
KO vle8.v v12, (x11), v0; ERROR
KO vle8.v v12, (x12), v0; ERROR
KO vle8.v v12, (x13), v0; ERROR
KO vle8.v v12, (x14), v0; ERROR
KO vle8.v v12, (x15), v0; ERROR
KO vle8.v v12, (x16), v0; ERROR
KO vle8.v v12, (x17), v0; ERROR
KO vle8.v v12, (x18), v0; ERROR
KO vle8.v v12, (x19), v0; ERROR
KO vle8.v v12, (x20), v0; ERROR
KO vle8.v v12, (x21), v0; ERROR
KO vle8.v v12, (x22), v0; ERROR
KO vle8.v v12, (x23), v0; ERROR
KO vle8.v v12, (x24), v0; ERROR
KO vle8.v v12, (x25), v0; ERROR
KO vle8.v v12, (x26), v0; ERROR
KO vle8.v v12, (x27), v0; ERROR
KO vle8.v v12, (x28), v0; ERROR
KO vle8.v v12, (x29), v0; ERROR
KO vle8.v v12, (x30), v0; ERROR
KO vle8.v v12, (x31), v0; ERROR
KO vle8.v v13, (x0), v0; ERROR
KO vle8.v v13, (x1), v0; ERROR
KO vle8.v v13, (x2), v0; ERROR
KO vle8.v v13, (x3), v0; ERROR
KO vle8.v v13, (x4), v0; ERROR
KO vle8.v v13, (x5), v0; ERROR
KO vle8.v v13, (x6), v0; ERROR
KO vle8.v v13, (x7), v0; ERROR
KO vle8.v v13, (x8), v0; ERROR
KO vle8.v v13, (x9), v0; ERROR
KO vle8.v v13, (x10), v0; ERROR
KO vle8.v v13, (x11), v0; ERROR
KO vle8.v v13, (x12), v0; ERROR
KO vle8.v v13, (x13), v0; ERROR
KO vle8.v v13, (x14), v0; ERROR
KO vle8.v v13, (x15), v0; ERROR
KO vle8.v v13, (x16), v0; ERROR
KO vle8.v v13, (x17), v0; ERROR
KO vle8.v v13, (x18), v0; ERROR
KO vle8.v v13, (x19), v0; ERROR
KO vle8.v v13, (x20), v0; ERROR
KO vle8.v v13, (x21), v0; ERROR
KO vle8.v v13, (x22), v0; ERROR
KO vle8.v v13, (x23), v0; ERROR
KO vle8.v v13, (x24), v0; ERROR
KO vle8.v v13, (x25), v0; ERROR
KO vle8.v v13, (x26), v0; ERROR
KO vle8.v v13, (x27), v0; ERROR
KO vle8.v v13, (x28), v0; ERROR
KO vle8.v v13, (x29), v0; ERROR
KO vle8.v v13, (x30), v0; ERROR
KO vle8.v v13, (x31), v0; ERROR
KO vle8.v v14, (x0), v0; ERROR
KO vle8.v v14, (x1), v0; ERROR
KO vle8.v v14, (x2), v0; ERROR
KO vle8.v v14, (x3), v0; ERROR
KO vle8.v v14, (x4), v0; ERROR
KO vle8.v v14, (x5), v0; ERROR
KO vle8.v v14, (x6), v0; ERROR
KO vle8.v v14, (x7), v0; ERROR
KO vle8.v v14, (x8), v0; ERROR
KO vle8.v v14, (x9), v0; ERROR
KO vle8.v v14, (x10), v0; ERROR
KO vle8.v v14, (x11), v0; ERROR
KO vle8.v v14, (x12), v0; ERROR
KO vle8.v v14, (x13), v0; ERROR
KO vle8.v v14, (x14), v0; ERROR
KO vle8.v v14, (x15), v0; ERROR
KO vle8.v v14, (x16), v0; ERROR
KO vle8.v v14, (x17), v0; ERROR
KO vle8.v v14, (x18), v0; ERROR
KO vle8.v v14, (x19), v0; ERROR
KO vle8.v v14, (x20), v0; ERROR
KO vle8.v v14, (x21), v0; ERROR
KO vle8.v v14, (x22), v0; ERROR
KO vle8.v v14, (x23), v0; ERROR
KO vle8.v v14, (x24), v0; ERROR
KO vle8.v v14, (x25), v0; ERROR
KO vle8.v v14, (x26), v0; ERROR
KO vle8.v v14, (x27), v0; ERROR
KO vle8.v v14, (x28), v0; ERROR
KO vle8.v v14, (x29), v0; ERROR
KO vle8.v v14, (x30), v0; ERROR
KO vle8.v v14, (x31), v0; ERROR
KO vle8.v v15, (x0), v0; ERROR
KO vle8.v v15, (x1), v0; ERROR
KO vle8.v v15, (x2), v0; ERROR
KO vle8.v v15, (x3), v0; ERROR
KO vle8.v v15, (x4), v0; ERROR
KO vle8.v v15, (x5), v0; ERROR
KO vle8.v v15, (x6), v0; ERROR
KO vle8.v v15, (x7), v0; ERROR
KO vle8.v v15, (x8), v0; ERROR
KO vle8.v v15, (x9), v0; ERROR
KO vle8.v v15, (x10), v0; ERROR
KO vle8.v v15, (x11), v0; ERROR
KO vle8.v v15, (x12), v0; ERROR
KO vle8.v v15, (x13), v0; ERROR
KO vle8.v v15, (x14), v0; ERROR
KO vle8.v v15, (x15), v0; ERROR
KO vle8.v v15, (x16), v0; ERROR
KO vle8.v v15, (x17), v0; ERROR
KO vle8.v v15, (x18), v0; ERROR
KO vle8.v v15, (x19), v0; ERROR
KO vle8.v v15, (x20), v0; ERROR
KO vle8.v v15, (x21), v0; ERROR
KO vle8.v v15, (x22), v0; ERROR
KO vle8.v v15, (x23), v0; ERROR
KO vle8.v v15, (x24), v0; ERROR
KO vle8.v v15, (x25), v0; ERROR
KO vle8.v v15, (x26), v0; ERROR
KO vle8.v v15, (x27), v0; ERROR
KO vle8.v v15, (x28), v0; ERROR
KO vle8.v v15, (x29), v0; ERROR
KO vle8.v v15, (x30), v0; ERROR
KO vle8.v v15, (x31), v0; ERROR
KO vle8.v v16, (x0), v0; ERROR
KO vle8.v v16, (x1), v0; ERROR
KO vle8.v v16, (x2), v0; ERROR
KO vle8.v v16, (x3), v0; ERROR
KO vle8.v v16, (x4), v0; ERROR
KO vle8.v v16, (x5), v0; ERROR
KO vle8.v v16, (x6), v0; ERROR
KO vle8.v v16, (x7), v0; ERROR
KO vle8.v v16, (x8), v0; ERROR
KO vle8.v v16, (x9), v0; ERROR
KO vle8.v v16, (x10), v0; ERROR
KO vle8.v v16, (x11), v0; ERROR
KO vle8.v v16, (x12), v0; ERROR
KO vle8.v v16, (x13), v0; ERROR
KO vle8.v v16, (x14), v0; ERROR
KO vle8.v v16, (x15), v0; ERROR
KO vle8.v v16, (x16), v0; ERROR
KO vle8.v v16, (x17), v0; ERROR
KO vle8.v v16, (x18), v0; ERROR
KO vle8.v v16, (x19), v0; ERROR
KO vle8.v v16, (x20), v0; ERROR
KO vle8.v v16, (x21), v0; ERROR
KO vle8.v v16, (x22), v0; ERROR
KO vle8.v v16, (x23), v0; ERROR
KO vle8.v v16, (x24), v0; ERROR
KO vle8.v v16, (x25), v0; ERROR
KO vle8.v v16, (x26), v0; ERROR
KO vle8.v v16, (x27), v0; ERROR
KO vle8.v v16, (x28), v0; ERROR
KO vle8.v v16, (x29), v0; ERROR
KO vle8.v v16, (x30), v0; ERROR
KO vle8.v v16, (x31), v0; ERROR
KO vle8.v v17, (x0), v0; ERROR
KO vle8.v v17, (x1), v0; ERROR
KO vle8.v v17, (x2), v0; ERROR
KO vle8.v v17, (x3), v0; ERROR
KO vle8.v v17, (x4), v0; ERROR
KO vle8.v v17, (x5), v0; ERROR
KO vle8.v v17, (x6), v0; ERROR
KO vle8.v v17, (x7), v0; ERROR
KO vle8.v v17, (x8), v0; ERROR
KO vle8.v v17, (x9), v0; ERROR
KO vle8.v v17, (x10), v0; ERROR
KO vle8.v v17, (x11), v0; ERROR
KO vle8.v v17, (x12), v0; ERROR
KO vle8.v v17, (x13), v0; ERROR
KO vle8.v v17, (x14), v0; ERROR
KO vle8.v v17, (x15), v0; ERROR
KO vle8.v v17, (x16), v0; ERROR
KO vle8.v v17, (x17), v0; ERROR
KO vle8.v v17, (x18), v0; ERROR
KO vle8.v v17, (x19), v0; ERROR
KO vle8.v v17, (x20), v0; ERROR
KO vle8.v v17, (x21), v0; ERROR
KO vle8.v v17, (x22), v0; ERROR
KO vle8.v v17, (x23), v0; ERROR
KO vle8.v v17, (x24), v0; ERROR
KO vle8.v v17, (x25), v0; ERROR
KO vle8.v v17, (x26), v0; ERROR
KO vle8.v v17, (x27), v0; ERROR
KO vle8.v v17, (x28), v0; ERROR
KO vle8.v v17, (x29), v0; ERROR
KO vle8.v v17, (x30), v0; ERROR
KO vle8.v v17, (x31), v0; ERROR
KO vle8.v v18, (x0), v0; ERROR
KO vle8.v v18, (x1), v0; ERROR
KO vle8.v v18, (x2), v0; ERROR
KO vle8.v v18, (x3), v0; ERROR
KO vle8.v v18, (x4), v0; ERROR
KO vle8.v v18, (x5), v0; ERROR
KO vle8.v v18, (x6), v0; ERROR
KO vle8.v v18, (x7), v0; ERROR
KO vle8.v v18, (x8), v0; ERROR
KO vle8.v v18, (x9), v0; ERROR
KO vle8.v v18, (x10), v0; ERROR
KO vle8.v v18, (x11), v0; ERROR
KO vle8.v v18, (x12), v0; ERROR
KO vle8.v v18, (x13), v0; ERROR
KO vle8.v v18, (x14), v0; ERROR
KO vle8.v v18, (x15), v0; ERROR
KO vle8.v v18, (x16), v0; ERROR
KO vle8.v v18, (x17), v0; ERROR
KO vle8.v v18, (x18), v0; ERROR
KO vle8.v v18, (x19), v0; ERROR
KO vle8.v v18, (x20), v0; ERROR
KO vle8.v v18, (x21), v0; ERROR
KO vle8.v v18, (x22), v0; ERROR
KO vle8.v v18, (x23), v0; ERROR
KO vle8.v v18, (x24), v0; ERROR
KO vle8.v v18, (x25), v0; ERROR
KO vle8.v v18, (x26), v0; ERROR
KO vle8.v v18, (x27), v0; ERROR
KO vle8.v v18, (x28), v0; ERROR
KO vle8.v v18, (x29), v0; ERROR
KO vle8.v v18, (x30), v0; ERROR
KO vle8.v v18, (x31), v0; ERROR
KO vle8.v v19, (x0), v0; ERROR
KO vle8.v v19, (x1), v0; ERROR
KO vle8.v v19, (x2), v0; ERROR
KO vle8.v v19, (x3), v0; ERROR
KO vle8.v v19, (x4), v0; ERROR
KO vle8.v v19, (x5), v0; ERROR
KO vle8.v v19, (x6), v0; ERROR
KO vle8.v v19, (x7), v0; ERROR
KO vle8.v v19, (x8), v0; ERROR
KO vle8.v v19, (x9), v0; ERROR
KO vle8.v v19, (x10), v0; ERROR
KO vle8.v v19, (x11), v0; ERROR
KO vle8.v v19, (x12), v0; ERROR
KO vle8.v v19, (x13), v0; ERROR
KO vle8.v v19, (x14), v0; ERROR
KO vle8.v v19, (x15), v0; ERROR
KO vle8.v v19, (x16), v0; ERROR
KO vle8.v v19, (x17), v0; ERROR
KO vle8.v v19, (x18), v0; ERROR
KO vle8.v v19, (x19), v0; ERROR
KO vle8.v v19, (x20), v0; ERROR
KO vle8.v v19, (x21), v0; ERROR
KO vle8.v v19, (x22), v0; ERROR
KO vle8.v v19, (x23), v0; ERROR
KO vle8.v v19, (x24), v0; ERROR
KO vle8.v v19, (x25), v0; ERROR
KO vle8.v v19, (x26), v0; ERROR
KO vle8.v v19, (x27), v0; ERROR
KO vle8.v v19, (x28), v0; ERROR
KO vle8.v v19, (x29), v0; ERROR
KO vle8.v v19, (x30), v0; ERROR
KO vle8.v v19, (x31), v0; ERROR
KO vle8.v v20, (x0), v0; ERROR
KO vle8.v v20, (x1), v0; ERROR
KO vle8.v v20, (x2), v0; ERROR
KO vle8.v v20, (x3), v0; ERROR
KO vle8.v v20, (x4), v0; ERROR
KO vle8.v v20, (x5), v0; ERROR
KO vle8.v v20, (x6), v0; ERROR
KO vle8.v v20, (x7), v0; ERROR
KO vle8.v v20, (x8), v0; ERROR
KO vle8.v v20, (x9), v0; ERROR
KO vle8.v v20, (x10), v0; ERROR
KO vle8.v v20, (x11), v0; ERROR
KO vle8.v v20, (x12), v0; ERROR
KO vle8.v v20, (x13), v0; ERROR
KO vle8.v v20, (x14), v0; ERROR
KO vle8.v v20, (x15), v0; ERROR
KO vle8.v v20, (x16), v0; ERROR
KO vle8.v v20, (x17), v0; ERROR
KO vle8.v v20, (x18), v0; ERROR
KO vle8.v v20, (x19), v0; ERROR
KO vle8.v v20, (x20), v0; ERROR
KO vle8.v v20, (x21), v0; ERROR
KO vle8.v v20, (x22), v0; ERROR
KO vle8.v v20, (x23), v0; ERROR
KO vle8.v v20, (x24), v0; ERROR
KO vle8.v v20, (x25), v0; ERROR
KO vle8.v v20, (x26), v0; ERROR
KO vle8.v v20, (x27), v0; ERROR
KO vle8.v v20, (x28), v0; ERROR
KO vle8.v v20, (x29), v0; ERROR
KO vle8.v v20, (x30), v0; ERROR
KO vle8.v v20, (x31), v0; ERROR
KO vle8.v v21, (x0), v0; ERROR
KO vle8.v v21, (x1), v0; ERROR
KO vle8.v v21, (x2), v0; ERROR
KO vle8.v v21, (x3), v0; ERROR
KO vle8.v v21, (x4), v0; ERROR
KO vle8.v v21, (x5), v0; ERROR
KO vle8.v v21, (x6), v0; ERROR
KO vle8.v v21, (x7), v0; ERROR
KO vle8.v v21, (x8), v0; ERROR
KO vle8.v v21, (x9), v0; ERROR
KO vle8.v v21, (x10), v0; ERROR
KO vle8.v v21, (x11), v0; ERROR
KO vle8.v v21, (x12), v0; ERROR
KO vle8.v v21, (x13), v0; ERROR
KO vle8.v v21, (x14), v0; ERROR
KO vle8.v v21, (x15), v0; ERROR
KO vle8.v v21, (x16), v0; ERROR
KO vle8.v v21, (x17), v0; ERROR
KO vle8.v v21, (x18), v0; ERROR
KO vle8.v v21, (x19), v0; ERROR
KO vle8.v v21, (x20), v0; ERROR
KO vle8.v v21, (x21), v0; ERROR
KO vle8.v v21, (x22), v0; ERROR
KO vle8.v v21, (x23), v0; ERROR
KO vle8.v v21, (x24), v0; ERROR
KO vle8.v v21, (x25), v0; ERROR
KO vle8.v v21, (x26), v0; ERROR
KO vle8.v v21, (x27), v0; ERROR
KO vle8.v v21, (x28), v0; ERROR
KO vle8.v v21, (x29), v0; ERROR
KO vle8.v v21, (x30), v0; ERROR
KO vle8.v v21, (x31), v0; ERROR
KO vle8.v v22, (x0), v0; ERROR
KO vle8.v v22, (x1), v0; ERROR
KO vle8.v v22, (x2), v0; ERROR
KO vle8.v v22, (x3), v0; ERROR
KO vle8.v v22, (x4), v0; ERROR
KO vle8.v v22, (x5), v0; ERROR
KO vle8.v v22, (x6), v0; ERROR
KO vle8.v v22, (x7), v0; ERROR
KO vle8.v v22, (x8), v0; ERROR
KO vle8.v v22, (x9), v0; ERROR
KO vle8.v v22, (x10), v0; ERROR
KO vle8.v v22, (x11), v0; ERROR
KO vle8.v v22, (x12), v0; ERROR
KO vle8.v v22, (x13), v0; ERROR
KO vle8.v v22, (x14), v0; ERROR
KO vle8.v v22, (x15), v0; ERROR
KO vle8.v v22, (x16), v0; ERROR
KO vle8.v v22, (x17), v0; ERROR
KO vle8.v v22, (x18), v0; ERROR
KO vle8.v v22, (x19), v0; ERROR
KO vle8.v v22, (x20), v0; ERROR
KO vle8.v v22, (x21), v0; ERROR
KO vle8.v v22, (x22), v0; ERROR
KO vle8.v v22, (x23), v0; ERROR
KO vle8.v v22, (x24), v0; ERROR
KO vle8.v v22, (x25), v0; ERROR
KO vle8.v v22, (x26), v0; ERROR
KO vle8.v v22, (x27), v0; ERROR
KO vle8.v v22, (x28), v0; ERROR
KO vle8.v v22, (x29), v0; ERROR
KO vle8.v v22, (x30), v0; ERROR
KO vle8.v v22, (x31), v0; ERROR
KO vle8.v v23, (x0), v0; ERROR
KO vle8.v v23, (x1), v0; ERROR
KO vle8.v v23, (x2), v0; ERROR
KO vle8.v v23, (x3), v0; ERROR
KO vle8.v v23, (x4), v0; ERROR
KO vle8.v v23, (x5), v0; ERROR
KO vle8.v v23, (x6), v0; ERROR
KO vle8.v v23, (x7), v0; ERROR
KO vle8.v v23, (x8), v0; ERROR
KO vle8.v v23, (x9), v0; ERROR
KO vle8.v v23, (x10), v0; ERROR
KO vle8.v v23, (x11), v0; ERROR
KO vle8.v v23, (x12), v0; ERROR
KO vle8.v v23, (x13), v0; ERROR
KO vle8.v v23, (x14), v0; ERROR
KO vle8.v v23, (x15), v0; ERROR
KO vle8.v v23, (x16), v0; ERROR
KO vle8.v v23, (x17), v0; ERROR
KO vle8.v v23, (x18), v0; ERROR
KO vle8.v v23, (x19), v0; ERROR
KO vle8.v v23, (x20), v0; ERROR
KO vle8.v v23, (x21), v0; ERROR
KO vle8.v v23, (x22), v0; ERROR
KO vle8.v v23, (x23), v0; ERROR
KO vle8.v v23, (x24), v0; ERROR
KO vle8.v v23, (x25), v0; ERROR
KO vle8.v v23, (x26), v0; ERROR
KO vle8.v v23, (x27), v0; ERROR
KO vle8.v v23, (x28), v0; ERROR
KO vle8.v v23, (x29), v0; ERROR
KO vle8.v v23, (x30), v0; ERROR
KO vle8.v v23, (x31), v0; ERROR
KO vle8.v v24, (x0), v0; ERROR
KO vle8.v v24, (x1), v0; ERROR
KO vle8.v v24, (x2), v0; ERROR
KO vle8.v v24, (x3), v0; ERROR
KO vle8.v v24, (x4), v0; ERROR
KO vle8.v v24, (x5), v0; ERROR
KO vle8.v v24, (x6), v0; ERROR
KO vle8.v v24, (x7), v0; ERROR
KO vle8.v v24, (x8), v0; ERROR
KO vle8.v v24, (x9), v0; ERROR
KO vle8.v v24, (x10), v0; ERROR
KO vle8.v v24, (x11), v0; ERROR
KO vle8.v v24, (x12), v0; ERROR
KO vle8.v v24, (x13), v0; ERROR
KO vle8.v v24, (x14), v0; ERROR
KO vle8.v v24, (x15), v0; ERROR
KO vle8.v v24, (x16), v0; ERROR
KO vle8.v v24, (x17), v0; ERROR
KO vle8.v v24, (x18), v0; ERROR
KO vle8.v v24, (x19), v0; ERROR
KO vle8.v v24, (x20), v0; ERROR
KO vle8.v v24, (x21), v0; ERROR
KO vle8.v v24, (x22), v0; ERROR
KO vle8.v v24, (x23), v0; ERROR
KO vle8.v v24, (x24), v0; ERROR
KO vle8.v v24, (x25), v0; ERROR
KO vle8.v v24, (x26), v0; ERROR
KO vle8.v v24, (x27), v0; ERROR
KO vle8.v v24, (x28), v0; ERROR
KO vle8.v v24, (x29), v0; ERROR
KO vle8.v v24, (x30), v0; ERROR
KO vle8.v v24, (x31), v0; ERROR
KO vle8.v v25, (x0), v0; ERROR
KO vle8.v v25, (x1), v0; ERROR
KO vle8.v v25, (x2), v0; ERROR
KO vle8.v v25, (x3), v0; ERROR
KO vle8.v v25, (x4), v0; ERROR
KO vle8.v v25, (x5), v0; ERROR
KO vle8.v v25, (x6), v0; ERROR
KO vle8.v v25, (x7), v0; ERROR
KO vle8.v v25, (x8), v0; ERROR
KO vle8.v v25, (x9), v0; ERROR
KO vle8.v v25, (x10), v0; ERROR
KO vle8.v v25, (x11), v0; ERROR
KO vle8.v v25, (x12), v0; ERROR
KO vle8.v v25, (x13), v0; ERROR
KO vle8.v v25, (x14), v0; ERROR
KO vle8.v v25, (x15), v0; ERROR
KO vle8.v v25, (x16), v0; ERROR
KO vle8.v v25, (x17), v0; ERROR
KO vle8.v v25, (x18), v0; ERROR
KO vle8.v v25, (x19), v0; ERROR
KO vle8.v v25, (x20), v0; ERROR
KO vle8.v v25, (x21), v0; ERROR
KO vle8.v v25, (x22), v0; ERROR
KO vle8.v v25, (x23), v0; ERROR
KO vle8.v v25, (x24), v0; ERROR
KO vle8.v v25, (x25), v0; ERROR
KO vle8.v v25, (x26), v0; ERROR
KO vle8.v v25, (x27), v0; ERROR
KO vle8.v v25, (x28), v0; ERROR
KO vle8.v v25, (x29), v0; ERROR
KO vle8.v v25, (x30), v0; ERROR
KO vle8.v v25, (x31), v0; ERROR
KO vle8.v v26, (x0), v0; ERROR
KO vle8.v v26, (x1), v0; ERROR
KO vle8.v v26, (x2), v0; ERROR
KO vle8.v v26, (x3), v0; ERROR
KO vle8.v v26, (x4), v0; ERROR
KO vle8.v v26, (x5), v0; ERROR
KO vle8.v v26, (x6), v0; ERROR
KO vle8.v v26, (x7), v0; ERROR
KO vle8.v v26, (x8), v0; ERROR
KO vle8.v v26, (x9), v0; ERROR
KO vle8.v v26, (x10), v0; ERROR
KO vle8.v v26, (x11), v0; ERROR
KO vle8.v v26, (x12), v0; ERROR
KO vle8.v v26, (x13), v0; ERROR
KO vle8.v v26, (x14), v0; ERROR
KO vle8.v v26, (x15), v0; ERROR
KO vle8.v v26, (x16), v0; ERROR
KO vle8.v v26, (x17), v0; ERROR
KO vle8.v v26, (x18), v0; ERROR
KO vle8.v v26, (x19), v0; ERROR
KO vle8.v v26, (x20), v0; ERROR
KO vle8.v v26, (x21), v0; ERROR
KO vle8.v v26, (x22), v0; ERROR
KO vle8.v v26, (x23), v0; ERROR
KO vle8.v v26, (x24), v0; ERROR
KO vle8.v v26, (x25), v0; ERROR
KO vle8.v v26, (x26), v0; ERROR
KO vle8.v v26, (x27), v0; ERROR
KO vle8.v v26, (x28), v0; ERROR
KO vle8.v v26, (x29), v0; ERROR
KO vle8.v v26, (x30), v0; ERROR
KO vle8.v v26, (x31), v0; ERROR
KO vle8.v v27, (x0), v0; ERROR
KO vle8.v v27, (x1), v0; ERROR
KO vle8.v v27, (x2), v0; ERROR
KO vle8.v v27, (x3), v0; ERROR
KO vle8.v v27, (x4), v0; ERROR
KO vle8.v v27, (x5), v0; ERROR
KO vle8.v v27, (x6), v0; ERROR
KO vle8.v v27, (x7), v0; ERROR
KO vle8.v v27, (x8), v0; ERROR
KO vle8.v v27, (x9), v0; ERROR
KO vle8.v v27, (x10), v0; ERROR
KO vle8.v v27, (x11), v0; ERROR
KO vle8.v v27, (x12), v0; ERROR
KO vle8.v v27, (x13), v0; ERROR
KO vle8.v v27, (x14), v0; ERROR
KO vle8.v v27, (x15), v0; ERROR
KO vle8.v v27, (x16), v0; ERROR
KO vle8.v v27, (x17), v0; ERROR
KO vle8.v v27, (x18), v0; ERROR
KO vle8.v v27, (x19), v0; ERROR
KO vle8.v v27, (x20), v0; ERROR
KO vle8.v v27, (x21), v0; ERROR
KO vle8.v v27, (x22), v0; ERROR
KO vle8.v v27, (x23), v0; ERROR
KO vle8.v v27, (x24), v0; ERROR
KO vle8.v v27, (x25), v0; ERROR
KO vle8.v v27, (x26), v0; ERROR
KO vle8.v v27, (x27), v0; ERROR
KO vle8.v v27, (x28), v0; ERROR
KO vle8.v v27, (x29), v0; ERROR
KO vle8.v v27, (x30), v0; ERROR
KO vle8.v v27, (x31), v0; ERROR
KO vle8.v v28, (x0), v0; ERROR
KO vle8.v v28, (x1), v0; ERROR
KO vle8.v v28, (x2), v0; ERROR
KO vle8.v v28, (x3), v0; ERROR
KO vle8.v v28, (x4), v0; ERROR
KO vle8.v v28, (x5), v0; ERROR
KO vle8.v v28, (x6), v0; ERROR
KO vle8.v v28, (x7), v0; ERROR
KO vle8.v v28, (x8), v0; ERROR
KO vle8.v v28, (x9), v0; ERROR
KO vle8.v v28, (x10), v0; ERROR
KO vle8.v v28, (x11), v0; ERROR
KO vle8.v v28, (x12), v0; ERROR
KO vle8.v v28, (x13), v0; ERROR
KO vle8.v v28, (x14), v0; ERROR
KO vle8.v v28, (x15), v0; ERROR
KO vle8.v v28, (x16), v0; ERROR
KO vle8.v v28, (x17), v0; ERROR
KO vle8.v v28, (x18), v0; ERROR
KO vle8.v v28, (x19), v0; ERROR
KO vle8.v v28, (x20), v0; ERROR
KO vle8.v v28, (x21), v0; ERROR
KO vle8.v v28, (x22), v0; ERROR
KO vle8.v v28, (x23), v0; ERROR
KO vle8.v v28, (x24), v0; ERROR
KO vle8.v v28, (x25), v0; ERROR
KO vle8.v v28, (x26), v0; ERROR
KO vle8.v v28, (x27), v0; ERROR
KO vle8.v v28, (x28), v0; ERROR
KO vle8.v v28, (x29), v0; ERROR
KO vle8.v v28, (x30), v0; ERROR
KO vle8.v v28, (x31), v0; ERROR
KO vle8.v v29, (x0), v0; ERROR
KO vle8.v v29, (x1), v0; ERROR
KO vle8.v v29, (x2), v0; ERROR
KO vle8.v v29, (x3), v0; ERROR
KO vle8.v v29, (x4), v0; ERROR
KO vle8.v v29, (x5), v0; ERROR
KO vle8.v v29, (x6), v0; ERROR
KO vle8.v v29, (x7), v0; ERROR
KO vle8.v v29, (x8), v0; ERROR
KO vle8.v v29, (x9), v0; ERROR
KO vle8.v v29, (x10), v0; ERROR
KO vle8.v v29, (x11), v0; ERROR
KO vle8.v v29, (x12), v0; ERROR
KO vle8.v v29, (x13), v0; ERROR
KO vle8.v v29, (x14), v0; ERROR
KO vle8.v v29, (x15), v0; ERROR
KO vle8.v v29, (x16), v0; ERROR
KO vle8.v v29, (x17), v0; ERROR
KO vle8.v v29, (x18), v0; ERROR
KO vle8.v v29, (x19), v0; ERROR
KO vle8.v v29, (x20), v0; ERROR
KO vle8.v v29, (x21), v0; ERROR
KO vle8.v v29, (x22), v0; ERROR
KO vle8.v v29, (x23), v0; ERROR
KO vle8.v v29, (x24), v0; ERROR
KO vle8.v v29, (x25), v0; ERROR
KO vle8.v v29, (x26), v0; ERROR
KO vle8.v v29, (x27), v0; ERROR
KO vle8.v v29, (x28), v0; ERROR
KO vle8.v v29, (x29), v0; ERROR
KO vle8.v v29, (x30), v0; ERROR
KO vle8.v v29, (x31), v0; ERROR
KO vle8.v v30, (x0), v0; ERROR
KO vle8.v v30, (x1), v0; ERROR
KO vle8.v v30, (x2), v0; ERROR
KO vle8.v v30, (x3), v0; ERROR
KO vle8.v v30, (x4), v0; ERROR
KO vle8.v v30, (x5), v0; ERROR
KO vle8.v v30, (x6), v0; ERROR
KO vle8.v v30, (x7), v0; ERROR
KO vle8.v v30, (x8), v0; ERROR
KO vle8.v v30, (x9), v0; ERROR
KO vle8.v v30, (x10), v0; ERROR
KO vle8.v v30, (x11), v0; ERROR
KO vle8.v v30, (x12), v0; ERROR
KO vle8.v v30, (x13), v0; ERROR
KO vle8.v v30, (x14), v0; ERROR
KO vle8.v v30, (x15), v0; ERROR
KO vle8.v v30, (x16), v0; ERROR
KO vle8.v v30, (x17), v0; ERROR
KO vle8.v v30, (x18), v0; ERROR
KO vle8.v v30, (x19), v0; ERROR
KO vle8.v v30, (x20), v0; ERROR
KO vle8.v v30, (x21), v0; ERROR
KO vle8.v v30, (x22), v0; ERROR
KO vle8.v v30, (x23), v0; ERROR
KO vle8.v v30, (x24), v0; ERROR
KO vle8.v v30, (x25), v0; ERROR
KO vle8.v v30, (x26), v0; ERROR
KO vle8.v v30, (x27), v0; ERROR
KO vle8.v v30, (x28), v0; ERROR
KO vle8.v v30, (x29), v0; ERROR
KO vle8.v v30, (x30), v0; ERROR
KO vle8.v v30, (x31), v0; ERROR
KO vle8.v v31, (x0), v0; ERROR
KO vle8.v v31, (x1), v0; ERROR
KO vle8.v v31, (x2), v0; ERROR
KO vle8.v v31, (x3), v0; ERROR
KO vle8.v v31, (x4), v0; ERROR
KO vle8.v v31, (x5), v0; ERROR
KO vle8.v v31, (x6), v0; ERROR
KO vle8.v v31, (x7), v0; ERROR
KO vle8.v v31, (x8), v0; ERROR
KO vle8.v v31, (x9), v0; ERROR
KO vle8.v v31, (x10), v0; ERROR
KO vle8.v v31, (x11), v0; ERROR
KO vle8.v v31, (x12), v0; ERROR
KO vle8.v v31, (x13), v0; ERROR
KO vle8.v v31, (x14), v0; ERROR
KO vle8.v v31, (x15), v0; ERROR
KO vle8.v v31, (x16), v0; ERROR
KO vle8.v v31, (x17), v0; ERROR
KO vle8.v v31, (x18), v0; ERROR
KO vle8.v v31, (x19), v0; ERROR
KO vle8.v v31, (x20), v0; ERROR
KO vle8.v v31, (x21), v0; ERROR
KO vle8.v v31, (x22), v0; ERROR
KO vle8.v v31, (x23), v0; ERROR
KO vle8.v v31, (x24), v0; ERROR
KO vle8.v v31, (x25), v0; ERROR
KO vle8.v v31, (x26), v0; ERROR
KO vle8.v v31, (x27), v0; ERROR
KO vle8.v v31, (x28), v0; ERROR
KO vle8.v v31, (x29), v0; ERROR
KO vle8.v v31, (x30), v0; ERROR
KO vle8.v v31, (x31), v0; ERROR
